me EVERY ME
me_go EVERY ME GO
me_go_git EVERY ME GO GIT
me_go_pg EVERY ME GO PG
me_x11 EVERY ME X11
me_x11_krb5 EVERY ME X11 KRB5
me_x11_krb5_go EVERY ME X11 KRB5 GO
me_x11_krb5_firefox EVERY ME X11 KRB5 FIREFOX
me_x11_krb5_git EVERY ME X11 KRB5 GIT
me_git EVERY ME GIT USERSOCK
me_py EVERY ME GIT USERSOCK PY
me_krb5 EVERY ME KRB5
me_pg EVERY ME PG
me_krb5_pg EVERY ME PG KRB5 KRB5PG
me_krb5_pg_opam EVERY ME PG KRB5 KRB5PG OPAM
me_krb5_pg_py EVERY ME PG GIT USERSOCK KRB5 KRB5PG PY
me_opamcode EVERY ME PG KRB5 KRB5PG OPAM OPAMCODE
me_pycode EVERY ME PG X11 GIT USERSOCK KRB5 KRB5PG PY PYCODE
me_tl EVERY ME GIT USERSOCK TEX
me_tlcode EVERY ME X11 GIT USERSOCK TEX TLCODE
me_rust EVERY ME GIT USERSOCK RUSTCODE
go EVERY GO
go_pg EVERY GO PG
x11_krb5 EVERY X11 KRB5
x11_krb5_go EVERY X11 KRB5 GO
git EVERY GIT
py EVERY PY
krb5 EVERY KRB5
pg EVERY PG
krb5_pg EVERY PG KRB5 KRB5PG
krb5_pg_py EVERY PG KRB5 KRB5PG PY
pycode EVERY KRB5 KRB5PG PY PYCODE
tl EVERY GIT TEX
tlcode EVERY GIT TEX TLCODE
rust EVERY GIT RUSTCODE
